<html>
<body>
<pre>
<h1>µVision Build Log</h1>
<h2>Project:</h2>
D:\Dropbox\ece455\lab1\lab1.uvproj
Project File Date:  05/18/2015

<h2>Output:</h2>
Clean started: Project: 'lab1'
   deleting intermediate output files for target 'lpc1768 flash'
Build target 'lpc1768 flash'
assembling startup_LPC17xx.s...
compiling main.c...
compiling GLCD_SPI_LPC1700.c...
compiling system_LPC17xx.c...
linking...
Program Size: Code=3698 RO-data=6510 RW-data=12 ZI-data=628  
"lab1.axf" - 0 Error(s), 0 Warning(s).
